✔ Canonical read validity stays distinct from unavailable public interpretation (0.692333ms)
✔ Review binds only the exact successful public saved selectors (0.521333ms)
✔ Actor, tenant/base and exposed identity changes immediately hide the old review (0.089083ms)
✔ Different plan or revision cannot reuse a prior saved review (0.068709ms)
✔ Lost read authority, unavailable canonical source and dirty draft deny display (0.071875ms)
✔ A receipt without canonical data cannot establish the review (0.041041ms)
✔ Malformed base plan shape or selectors never become recorded preparation (0.086333ms)
✔ Explicit zero is a recorded entered cost, with no total-cost approval (0.110875ms)
✔ Null amount remains a follow-up without inferred complete cost (0.075ms)
✔ Missing required cost line identity, label or category is uninterpretable (0.117708ms)
✔ Invalid known cost enum, identifier or decimal remains uninterpretable (0.087542ms)
✔ Duplicate offer or within-offer line identities are uninterpretable (0.088042ms)
✔ Blank procurement fields produce concrete review actions (0.077541ms)
✔ Legacy absent planning remains missing follow-up without invented measurements (0.065542ms)
✔ Malformed or incomplete planning object remains interpretation unavailable (0.067083ms)
✔ Saved worksheet inputs do not certify competence or interpret retired learning keys (0.071333ms)
✔ Blank practice review notes remain follow-up even if steps are ticked (0.032209ms)
✔ Pilot incomparable flag prevents a recorded comparable-observation label (0.036167ms)
✔ Comparable self-entered pilot does not claim calculated improvement or official impact (0.05975ms)
✔ Edition strings alone never assert archive completeness (0.055875ms)
✔ Additional private/future metadata produces byte-identical review output (0.144583ms)
✔ Source public payload stays untouched and raw notes are not retained (0.080209ms)
ℹ tests 22
ℹ suites 0
ℹ pass 22
ℹ fail 0
ℹ cancelled 0
ℹ skipped 0
ℹ todo 0
ℹ duration_ms 5.539333
