✔ exact command and saved-revision path contain only the closed internal-self intent (0.775333ms)
✔ Unicode UTF-8 bytes and original formatting are preserved exactly (1.260125ms)
✔ closed decoder refuses response extras (0.073583ms)
✔ closed decoder refuses manifest extras (0.059709ms)
✔ closed decoder refuses receipt extras (0.090834ms)
✔ closed decoder refuses missing guidance status (0.046084ms)
✔ closed decoder refuses unknown guidance status (0.051584ms)
✔ closed decoder refuses unknown renderer (0.047084ms)
✔ closed decoder refuses path filename (0.072292ms)
✔ closed decoder refuses receipt digest mismatch (0.095ms)
✔ closed decoder refuses receipt byte mismatch (0.069ms)
✔ closed decoder refuses issuance timestamp mismatch (0.063625ms)
✔ closed decoder refuses expiry timestamp mismatch (0.04ms)
✔ closed decoder refuses expired-before-generation manifest (0.056667ms)
✔ closed decoder refuses invalid receipt selector (0.043625ms)
✔ closed decoder refuses string byte count (0.060042ms)
✔ closed decoder refuses oversized manifest (0.042125ms)
✔ content corruption fails byte/digest verification without reserialization (0.088833ms)
✔ wrong plan, revision and operation are refused (0.059459ms)
✔ replay pins exact manifest and issuance receipt after lost-response retry (0.170875ms)
✔ even valid reissued bytes with the same operation cannot replace a pinned copy (0.143417ms)
ℹ tests 21
ℹ suites 0
ℹ pass 21
ℹ fail 0
ℹ cancelled 0
ℹ skipped 0
ℹ todo 0
ℹ duration_ms 6.458583
