✔ Canonical read validity stays distinct from unavailable public interpretation (0.677583ms)
✔ Review binds only the exact successful public saved selectors (0.512958ms)
✔ Actor, tenant/base and exposed identity changes immediately hide the old review (0.086042ms)
✔ Different plan or revision cannot reuse a prior saved review (0.069042ms)
✔ Lost read authority, unavailable canonical source and dirty draft deny display (0.074584ms)
✔ A receipt without canonical data cannot establish the review (0.042167ms)
✔ Malformed base plan shape or selectors never become recorded preparation (0.087708ms)
✔ Explicit zero is a recorded entered cost, with no total-cost approval (0.117042ms)
✔ Null amount remains a follow-up without inferred complete cost (0.080416ms)
✔ Missing required cost line identity, label or category is uninterpretable (0.121333ms)
✔ Invalid known cost enum, identifier or decimal remains uninterpretable (0.087125ms)
✔ Duplicate offer or within-offer line identities are uninterpretable (0.081416ms)
✔ Blank procurement fields produce concrete review actions (0.058416ms)
✔ Legacy absent planning remains missing follow-up without invented measurements (0.055084ms)
✔ Malformed or incomplete planning object remains interpretation unavailable (0.097666ms)
✔ Saved worksheet inputs do not certify competence or interpret retired learning keys (0.066916ms)
✔ Blank practice review notes remain follow-up even if steps are ticked (0.033417ms)
✔ Pilot incomparable flag prevents a recorded comparable-observation label (0.03825ms)
✔ Comparable self-entered pilot does not claim calculated improvement or official impact (0.055584ms)
✔ Edition strings alone never assert archive completeness (0.055958ms)
✔ Additional private/future metadata produces byte-identical review output (0.141917ms)
✔ Source public payload stays untouched and raw notes are not retained (0.086833ms)
ℹ tests 22
ℹ suites 0
ℹ pass 22
ℹ fail 0
ℹ cancelled 0
ℹ skipped 0
ℹ todo 0
ℹ duration_ms 6.250125
